%!Adobe-FontList 1.19
%Locale:0x409

%BeginFont
Handler:DirectoryHandler
FontType:Type1
FontName:FilosofiaOT-Bold
FamilyName:Filosofia OT
StyleName:Bold
MenuName:Filosofia OT
StyleBits:2
WeightClass:700
WidthClass:5
AngleClass:0
FullName:Filosofia OT Bold
WritingScript:Roman
OutlineFileName:\FilosofiaOT-Bold.otf
DataFormat:sfntData
UsesStandardEncoding:yes
isCFF:yes
hasSVG:no
VariableFontType:NonVariableFont
FileLength:50328
FileModTime:1097026856
NameArray:0,Mac,4,Filosofia OT Bold
NameArray:0,Win,1,Filosofia OT
%EndFont

%BeginFont
Handler:DirectoryHandler
FontType:Type1
FontName:FilosofiaOT
FamilyName:Filosofia OT
StyleName:Regular
MenuName:Filosofia OT
StyleBits:0
WeightClass:400
WidthClass:5
AngleClass:0
FullName:Filosofia OT
WritingScript:Roman
OutlineFileName:\FilosofiaOT-Regular.otf
DataFormat:sfntData
UsesStandardEncoding:yes
isCFF:yes
hasSVG:no
VariableFontType:NonVariableFont
FileLength:100104
FileModTime:1097026856
NameArray:0,Mac,4,Filosofia OT
NameArray:0,Win,1,Filosofia OT
%EndFont

